// Jest Snapshot v1, https://goo.gl/fbAQLP

exports[`WithActivePalyer WithActivePalyer renders correctly 1`] = `<div />`;
