// Jest Snapshot v1, https://goo.gl/fbAQLP

exports[`FilmCardComponent FilmCard correct render 1`] = `
<article
  className="small-movie-card catalog__movies-card"
  onMouseEnter={[Function]}
  onMouseLeave={[Function]}
>
  <div
    className="small-movie-card__image"
    onClick={[Function]}
  >
    <video
      poster="img/.jpg"
      style={
        Object {
          "height": "100%",
          "width": "100%",
        }
      }
    />
  </div>
  <h3
    className="small-movie-card__title"
    onClick={[Function]}
  >
    <a
      className="small-movie-card__link"
      href="movie-page.html"
    >
      
    </a>
  </h3>
</article>
`;
