// Jest Snapshot v1, https://goo.gl/fbAQLP

exports[`FullScreenVideoPlayerComponent Full Screen Video Player renders correctly while pause 1`] = `
<div
  className="player"
>
  <button
    className="player__exit"
    onClick={[Function]}
    type="button"
  >
    Exit
  </button>
  <div
    className="player__controls"
  >
    <div
      className="player__controls-row"
    >
      <div
        className="player__time"
      >
        <progress
          className="player__progress"
          max="100"
        />
        <div
          className="player__toggler"
          style={
            Object {
              "left": "undefined%",
            }
          }
        >
          Toggler
        </div>
      </div>
      <div
        className="player__time-value"
      />
    </div>
    <div
      className="player__controls-row"
    >
      <div
        className="player__name"
      >
        Transpotting
      </div>
      <button
        className="player__full-screen"
        onClick={[Function]}
        type="button"
      >
        <svg
          height="27"
          viewBox="0 0 27 27"
          width="27"
        >
          <use
            xlinkHref="#full-screen"
          />
        </svg>
        <span>
          Full screen
        </span>
      </button>
    </div>
  </div>
</div>
`;

exports[`FullScreenVideoPlayerComponent Full Screen Video Player renders correctly while playing 1`] = `
<div
  className="player"
>
  <button
    className="player__exit"
    onClick={[Function]}
    type="button"
  >
    Exit
  </button>
  <div
    className="player__controls"
  >
    <div
      className="player__controls-row"
    >
      <div
        className="player__time"
      >
        <progress
          className="player__progress"
          max="100"
        />
        <div
          className="player__toggler"
          style={
            Object {
              "left": "undefined%",
            }
          }
        >
          Toggler
        </div>
      </div>
      <div
        className="player__time-value"
      />
    </div>
    <div
      className="player__controls-row"
    >
      <div
        className="player__name"
      >
        Transpotting
      </div>
      <button
        className="player__full-screen"
        onClick={[Function]}
        type="button"
      >
        <svg
          height="27"
          viewBox="0 0 27 27"
          width="27"
        >
          <use
            xlinkHref="#full-screen"
          />
        </svg>
        <span>
          Full screen
        </span>
      </button>
    </div>
  </div>
</div>
`;
