// Jest Snapshot v1, https://goo.gl/fbAQLP

exports[`VideoPlayer Video player renders correctly 1`] = `
<video
  poster="fantastic-beasts-the-crimes-of-grindelwald"
  style={
    Object {
      "height": "100%",
      "width": "100%",
    }
  }
/>
`;
